     1                                 %line 1+1 first_yasm.asm
     2                                 SUCCESS equ 0
     3                                 STDOUT equ 1
     4                                 WRITE equ 1
     5                                 EXIT equ 60
     6                                 
     7                                 [section .data]
     8 00000000 05                      bVar db 0x5
     9 00000001 48                      cVar db "H"
    10 00000002 50C30000                dVar dd 50000
    11 00000006 A8610000                eVar dd 25000
    12 0000000A 64000000C80000002C-     array dd 100, 200, 300
    13 0000000A 010000             
    14 00000016 48656C6C6F0A            msg db "Hello", 10
    15                                  len equ $ - msg
    16 0000001C 00000000                adVar dd 0
    17                                 [section .bss]
    18 00000000 <gap>                   dElem resd 1
    19 00000004 <gap>                   bArr resb 10
    20 0000000E <gap>                   dArr resd 25
    21                                 
    22                                 [section .text]
    23                                 [global _start]
    24                                  _start:
    25 00000000 8A1C25[00000000]        mov bl, byte [bVar]
    26                                 
    27                                  write_label:
    28 00000007 48C7C001000000          mov rax, WRITE
    29 0000000E 48C7C701000000          mov rdi, STDOUT
    30 00000015 48C7C6[00000000]        mov rsi, msg
    31 0000001C 48BA06000000000000-     mov rdx, len
    32 0000001C 00                 
    33 00000026 0F05                    syscall
    34                                 
    35 00000028 FECB                    dec bl
    36 0000002A 75D9                    jnz write_label
    37 0000002C EBFE                    jmp add_label
    38                                 
    39                                  add_label:
    40 0000002E 8B0425[00000000]        mov eax, dword [dVar]
    41 00000035 030425[00000000]        add eax, dword [eVar]
    42 0000003C 890425[00000000]        mov dword [adVar], eax
    43                                 
    44 00000043 48C7C03C000000          mov rax, EXIT
    45 0000004A 4831FF                  xor rdi, rdi
    46 0000004D 0F05                    syscall
    47                                 
    48                                 
    49                                 
    50                                 
    51                                 
    52                                 
    53                                 
    54                                 
    55                                 
    56                                 
    57                                 
